u_ibex_core/if_stage_i/compressed_decoder_i/n3;u_ibex_core/if_stage_i/compressed_decoder_i/n110 , 2077.4022239325727,metal1,metal1
u_ibex_core/if_stage_i/compressed_decoder_i/n4;u_ibex_core/if_stage_i/compressed_decoder_i/n18 , 2942.9237163066255,metal1,metal1
u_ibex_core/if_stage_i/compressed_decoder_i/n5;u_ibex_core/if_stage_i/compressed_decoder_i/n72 , 472.0169488482378,metal2,metal2
u_ibex_core/if_stage_i/compressed_decoder_i/n6;u_ibex_core/if_stage_i/compressed_decoder_i/n16 , 2548.4897488512684,metal1,metal1
u_ibex_core/if_stage_i/compressed_decoder_i/n7;u_ibex_core/if_stage_i/compressed_decoder_i/n5 , 3841.0415254198956,metal2,metal2
u_ibex_core/if_stage_i/compressed_decoder_i/n8;u_ibex_core/if_stage_i/compressed_decoder_i/n123 , 13124.206642688921,metal4,metal4
u_ibex_core/if_stage_i/compressed_decoder_i/n9;u_ibex_core/if_stage_i/compressed_decoder_i/n170 , 8006.897026938714,metal2,metal2
u_ibex_core/if_stage_i/compressed_decoder_i/n10;u_ibex_core/if_stage_i/compressed_decoder_i/n92 , 4609.772228646444,metal2,metal2
u_ibex_core/if_stage_i/compressed_decoder_i/n11;u_ibex_core/if_stage_i/compressed_decoder_i/n128 , 4971.639568593041,metal2,metal2
u_ibex_core/if_stage_i/compressed_decoder_i/n12;u_ibex_core/if_stage_i/compressed_decoder_i/n60 , 2267.4214429611447,metal2,metal2
u_ibex_core/if_stage_i/compressed_decoder_i/n13;u_ibex_core/if_stage_i/compressed_decoder_i/n18 , 4069.6437190496176,metal1,metal1
u_ibex_core/if_stage_i/compressed_decoder_i/n14;u_ibex_core/if_stage_i/compressed_decoder_i/n81 , 809.9382692526635,metal2,metal2
u_ibex_core/if_stage_i/compressed_decoder_i/n15;u_ibex_core/if_stage_i/compressed_decoder_i/n100 , 2347.7648945326705,metal2,metal2
u_ibex_core/if_stage_i/compressed_decoder_i/n16;u_ibex_core/if_stage_i/compressed_decoder_i/n17 , 2280.0,metal1,metal1
u_ibex_core/if_stage_i/compressed_decoder_i/n19;u_ibex_core/if_stage_i/compressed_decoder_i/n101 , 1996.4969321288727,metal2,metal2
u_ibex_core/if_stage_i/compressed_decoder_i/n20;u_ibex_core/if_stage_i/compressed_decoder_i/n101 , 944.0338976964756,metal2,metal2
u_ibex_core/if_stage_i/compressed_decoder_i/n21;u_ibex_core/if_stage_i/compressed_decoder_i/n179 , 5502.726596879042,metal3,metal3
u_ibex_core/if_stage_i/compressed_decoder_i/n22;u_ibex_core/if_stage_i/compressed_decoder_i/n116 , 1598.123900077838,metal2,metal2
u_ibex_core/if_stage_i/compressed_decoder_i/n23;u_ibex_core/if_stage_i/compressed_decoder_i/n24 , 1900.0,metal1,metal1
u_ibex_core/if_stage_i/compressed_decoder_i/n25;u_ibex_core/if_stage_i/compressed_decoder_i/n180 , 1805.4362353736008,metal2,metal2
u_ibex_core/if_stage_i/compressed_decoder_i/n26;u_ibex_core/if_stage_i/compressed_decoder_i/n120 , 9247.810551692763,metal3,metal3
u_ibex_core/if_stage_i/compressed_decoder_i/n27;u_ibex_core/if_stage_i/compressed_decoder_i/n25 , 3185.9692402783803,metal2,metal2
u_ibex_core/if_stage_i/compressed_decoder_i/n28;u_ibex_core/if_stage_i/compressed_decoder_i/n125 , 2520.0,metal1,metal1
u_ibex_core/if_stage_i/compressed_decoder_i/n29;u_ibex_core/if_stage_i/compressed_decoder_i/n159 , 1619.876538505327,metal2,metal2
u_ibex_core/if_stage_i/compressed_decoder_i/n30;u_ibex_core/if_stage_i/compressed_decoder_i/n176 , 3434.64699787329,metal1,metal1
u_ibex_core/if_stage_i/compressed_decoder_i/n31;u_ibex_core/if_stage_i/compressed_decoder_i/n75 , 2789.4802383239785,metal2,metal2
u_ibex_core/if_stage_i/compressed_decoder_i/n32;u_ibex_core/if_stage_i/compressed_decoder_i/n37 , 9078.435988649146,metal3,metal3
u_ibex_core/if_stage_i/compressed_decoder_i/n33;u_ibex_core/if_stage_i/compressed_decoder_i/n124 , 2707.027890510181,metal2,metal2
u_ibex_core/if_stage_i/compressed_decoder_i/n34;u_ibex_core/if_stage_i/compressed_decoder_i/n84 , 3156.0101394006956,metal1,metal1
u_ibex_core/if_stage_i/compressed_decoder_i/n35;u_ibex_core/if_stage_i/compressed_decoder_i/n36 , 944.0338976964756,metal2,metal2
u_ibex_core/if_stage_i/compressed_decoder_i/n38;u_ibex_core/if_stage_i/compressed_decoder_i/n96 , 3664.150651924672,metal1,metal1
u_ibex_core/if_stage_i/compressed_decoder_i/n39;u_ibex_core/if_stage_i/compressed_decoder_i/n87 , 6124.344862922074,metal3,metal3
u_ibex_core/if_stage_i/compressed_decoder_i/n40;u_ibex_core/if_stage_i/compressed_decoder_i/n91 , 2267.4214429611447,metal2,metal2
u_ibex_core/if_stage_i/compressed_decoder_i/n41;u_ibex_core/if_stage_i/compressed_decoder_i/n13 , 4559.649109306549,metal1,metal1
u_ibex_core/if_stage_i/compressed_decoder_i/n42;u_ibex_core/if_stage_i/compressed_decoder_i/n43 , 2825.6680626004177,metal2,metal2
u_ibex_core/if_stage_i/compressed_decoder_i/n43;u_ibex_core/if_stage_i/compressed_decoder_i/n160 , 1173.8824472663352,metal2,metal2
u_ibex_core/if_stage_i/compressed_decoder_i/n44;u_ibex_core/if_stage_i/compressed_decoder_i/n86 , 3172.3808094237365,metal1,metal1
u_ibex_core/if_stage_i/compressed_decoder_i/n45;u_ibex_core/if_stage_i/compressed_decoder_i/n84 , 3434.64699787329,metal1,metal1
u_ibex_core/if_stage_i/compressed_decoder_i/n46;u_ibex_core/if_stage_i/compressed_decoder_i/n90 , 4775.1439768869795,metal2,metal2
u_ibex_core/if_stage_i/compressed_decoder_i/n47;u_ibex_core/if_stage_i/compressed_decoder_i/n86 , 2548.4897488512684,metal1,metal1
u_ibex_core/if_stage_i/compressed_decoder_i/n48;u_ibex_core/if_stage_i/compressed_decoder_i/n99 , 1598.123900077838,metal3,metal3
u_ibex_core/if_stage_i/compressed_decoder_i/n49;u_ibex_core/if_stage_i/compressed_decoder_i/n113 , 4880.860579856794,metal2,metal2
u_ibex_core/if_stage_i/compressed_decoder_i/n50;u_ibex_core/if_stage_i/compressed_decoder_i/n73 , 2077.4022239325727,metal1,metal1
u_ibex_core/if_stage_i/compressed_decoder_i/n51;u_ibex_core/if_stage_i/compressed_decoder_i/n15 , 2536.2176562747923,metal2,metal2
u_ibex_core/if_stage_i/compressed_decoder_i/n52;u_ibex_core/if_stage_i/compressed_decoder_i/n150 , 1805.4362353736008,metal2,metal2
u_ibex_core/if_stage_i/compressed_decoder_i/n53;u_ibex_core/if_stage_i/compressed_decoder_i/n83 , 4180.0,metal1,metal1
u_ibex_core/if_stage_i/compressed_decoder_i/n54;u_ibex_core/if_stage_i/compressed_decoder_i/n112 , 472.0169488482378,metal3,metal3
u_ibex_core/if_stage_i/compressed_decoder_i/n55;u_ibex_core/if_stage_i/compressed_decoder_i/n62 , 2102.189334955346,metal2,metal2
u_ibex_core/if_stage_i/compressed_decoder_i/n56;u_ibex_core/if_stage_i/compressed_decoder_i/n63 , 6837.338663544465,metal1,metal1
u_ibex_core/if_stage_i/compressed_decoder_i/n57;u_ibex_core/if_stage_i/compressed_decoder_i/n60 , 1545.5743269089326,metal2,metal2
u_ibex_core/if_stage_i/compressed_decoder_i/n58;u_ibex_core/if_stage_i/compressed_decoder_i/n186 , 1703.1735084835013,metal3,metal3
u_ibex_core/if_stage_i/compressed_decoder_i/n59;u_ibex_core/if_stage_i/compressed_decoder_i/n141 , 2272.003521124032,metal2,metal2
u_ibex_core/if_stage_i/compressed_decoder_i/n61;u_ibex_core/if_stage_i/compressed_decoder_i/n177 , 1592.9846201391902,metal2,metal2
u_ibex_core/if_stage_i/compressed_decoder_i/n63;u_ibex_core/if_stage_i/compressed_decoder_i/n117 , 1900.0,metal1,metal1
u_ibex_core/if_stage_i/compressed_decoder_i/n64;u_ibex_core/if_stage_i/compressed_decoder_i/n66 , 5913.543776789007,metal1,metal1
u_ibex_core/if_stage_i/compressed_decoder_i/n65;u_ibex_core/if_stage_i/compressed_decoder_i/n136 , 2660.0,metal2,metal2
u_ibex_core/if_stage_i/compressed_decoder_i/n67;u_ibex_core/if_stage_i/compressed_decoder_i/n151 , 1598.123900077838,metal2,metal2
u_ibex_core/if_stage_i/compressed_decoder_i/n68;u_ibex_core/if_stage_i/compressed_decoder_i/n65 , 4947.928859634099,metal2,metal2
u_ibex_core/if_stage_i/compressed_decoder_i/n69;u_ibex_core/if_stage_i/compressed_decoder_i/n96 , 5502.726596879042,metal1,metal1
u_ibex_core/if_stage_i/compressed_decoder_i/n70;u_ibex_core/if_stage_i/compressed_decoder_i/n102 , 3156.0101394006956,metal1,metal1
u_ibex_core/if_stage_i/compressed_decoder_i/n71;u_ibex_core/if_stage_i/compressed_decoder_i/n87 , 3618.894858931384,metal3,metal3
u_ibex_core/if_stage_i/compressed_decoder_i/n74;u_ibex_core/if_stage_i/compressed_decoder_i/n79 , 2102.189334955346,metal2,metal2
u_ibex_core/if_stage_i/compressed_decoder_i/n76;u_ibex_core/if_stage_i/compressed_decoder_i/n99 , 5184.746859780137,metal3,metal3
u_ibex_core/if_stage_i/compressed_decoder_i/n77;u_ibex_core/if_stage_i/compressed_decoder_i/n102 , 3284.204622126947,metal1,metal1
u_ibex_core/if_stage_i/compressed_decoder_i/n78;u_ibex_core/if_stage_i/compressed_decoder_i/n137 , 2660.0,metal1,metal1
u_ibex_core/if_stage_i/compressed_decoder_i/n80;u_ibex_core/if_stage_i/compressed_decoder_i/n82 , 1619.876538505327,metal2,metal2
u_ibex_core/if_stage_i/compressed_decoder_i/n83;u_ibex_core/if_stage_i/compressed_decoder_i/n158 , 3103.353025358217,metal1,metal1
u_ibex_core/if_stage_i/compressed_decoder_i/n84;u_ibex_core/if_stage_i/compressed_decoder_i/n142 , 2674.696244435992,metal1,metal1
u_ibex_core/if_stage_i/compressed_decoder_i/n85;u_ibex_core/if_stage_i/compressed_decoder_i/n44 , 5886.6628916560185,metal1,metal1
u_ibex_core/if_stage_i/compressed_decoder_i/n86;u_ibex_core/if_stage_i/compressed_decoder_i/n114 , 1900.0,metal1,metal1
u_ibex_core/if_stage_i/compressed_decoder_i/n88;u_ibex_core/if_stage_i/compressed_decoder_i/n92 , 1722.440129583609,metal2,metal2
u_ibex_core/if_stage_i/compressed_decoder_i/n89;u_ibex_core/if_stage_i/compressed_decoder_i/n134 , 4866.2511238118395,metal3,metal3
u_ibex_core/if_stage_i/compressed_decoder_i/n90;u_ibex_core/if_stage_i/compressed_decoder_i/n93 , 3944.616584663204,metal2,metal2
u_ibex_core/if_stage_i/compressed_decoder_i/n94;u_ibex_core/if_stage_i/compressed_decoder_i/n107 , 2365.417510715603,metal3,metal3
u_ibex_core/if_stage_i/compressed_decoder_i/n95;u_ibex_core/if_stage_i/compressed_decoder_i/n73 , 2548.4897488512684,metal1,metal1
u_ibex_core/if_stage_i/compressed_decoder_i/n97;u_ibex_core/if_stage_i/compressed_decoder_i/n143 , 6317.087936699947,metal4,metal4
u_ibex_core/if_stage_i/compressed_decoder_i/n98;u_ibex_core/if_stage_i/compressed_decoder_i/n100 , 3284.204622126947,metal2,metal2
u_ibex_core/if_stage_i/compressed_decoder_i/n103;u_ibex_core/if_stage_i/compressed_decoder_i/n105 , 921.9544457292888,metal2,metal2
u_ibex_core/if_stage_i/compressed_decoder_i/n104;u_ibex_core/if_stage_i/compressed_decoder_i/n169 , 3398.352542041511,metal1,metal1
u_ibex_core/if_stage_i/compressed_decoder_i/n106;u_ibex_core/if_stage_i/compressed_decoder_i/n146 , 3664.150651924672,metal1,metal1
u_ibex_core/if_stage_i/compressed_decoder_i/n108;u_ibex_core/if_stage_i/compressed_decoder_i/n109 , 2360.084744241189,metal2,metal2
u_ibex_core/if_stage_i/compressed_decoder_i/n111;u_ibex_core/if_stage_i/compressed_decoder_i/n175 , 3398.352542041511,metal1,metal1
u_ibex_core/if_stage_i/compressed_decoder_i/n115;u_ibex_core/if_stage_i/compressed_decoder_i/n146 , 3172.3808094237365,metal1,metal1
u_ibex_core/if_stage_i/compressed_decoder_i/n118;u_ibex_core/if_stage_i/compressed_decoder_i/n117 , 2765.8633371878664,metal1,metal1
u_ibex_core/if_stage_i/compressed_decoder_i/n119;u_ibex_core/if_stage_i/compressed_decoder_i/n157 , 4466.587063967298,metal2,metal2
u_ibex_core/if_stage_i/compressed_decoder_i/n120;u_ibex_core/if_stage_i/compressed_decoder_i/n21 , 8909.320961779298,metal3,metal3
u_ibex_core/if_stage_i/compressed_decoder_i/n121;u_ibex_core/if_stage_i/compressed_decoder_i/n50 , 3521.6473417990055,metal1,metal1
u_ibex_core/if_stage_i/compressed_decoder_i/n122;u_ibex_core/if_stage_i/compressed_decoder_i/n167 , 3434.64699787329,metal1,metal1
u_ibex_core/if_stage_i/compressed_decoder_i/n126;u_ibex_core/if_stage_i/compressed_decoder_i/n131 , 3465.5446902326908,metal2,metal2
u_ibex_core/if_stage_i/compressed_decoder_i/n127;u_ibex_core/if_stage_i/compressed_decoder_i/n78 , 3664.150651924672,metal1,metal1
u_ibex_core/if_stage_i/compressed_decoder_i/n129;u_ibex_core/if_stage_i/compressed_decoder_i/n107 , 9363.610414791936,metal3,metal3
u_ibex_core/if_stage_i/compressed_decoder_i/n130;u_ibex_core/if_stage_i/compressed_decoder_i/n172 , 3860.0000000000005,metal2,metal2
u_ibex_core/if_stage_i/compressed_decoder_i/n132;u_ibex_core/if_stage_i/compressed_decoder_i/n115 , 4560.0,metal1,metal1
u_ibex_core/if_stage_i/compressed_decoder_i/n133;u_ibex_core/if_stage_i/compressed_decoder_i/n11 , 5333.554162094916,metal2,metal2
u_ibex_core/if_stage_i/compressed_decoder_i/n135;u_ibex_core/if_stage_i/compressed_decoder_i/n172 , 2513.404066201851,metal2,metal2
u_ibex_core/if_stage_i/compressed_decoder_i/n138;u_ibex_core/if_stage_i/compressed_decoder_i/n137 , 2765.8633371878664,metal1,metal1
u_ibex_core/if_stage_i/compressed_decoder_i/n139;u_ibex_core/if_stage_i/compressed_decoder_i/n173 , 1520.0,metal1,metal1
u_ibex_core/if_stage_i/compressed_decoder_i/n140;u_ibex_core/if_stage_i/compressed_decoder_i/n129 , 14342.621796589354,metal3,metal3
u_ibex_core/if_stage_i/compressed_decoder_i/n144;u_ibex_core/if_stage_i/compressed_decoder_i/n164 , 2520.0,metal1,metal1
u_ibex_core/if_stage_i/compressed_decoder_i/n145;u_ibex_core/if_stage_i/compressed_decoder_i/n105 , 4154.804447865145,metal2,metal2
u_ibex_core/if_stage_i/compressed_decoder_i/n147;u_ibex_core/if_stage_i/compressed_decoder_i/n148 , 676.7569726275452,metal2,metal2
u_ibex_core/if_stage_i/compressed_decoder_i/n149;u_ibex_core/if_stage_i/compressed_decoder_i/n112 , 6460.0,metal3,metal3
u_ibex_core/if_stage_i/compressed_decoder_i/n152;u_ibex_core/if_stage_i/compressed_decoder_i/n139 , 3103.353025358217,metal1,metal1
u_ibex_core/if_stage_i/compressed_decoder_i/n153;u_ibex_core/if_stage_i/compressed_decoder_i/n144 , 3172.3808094237365,metal1,metal1
u_ibex_core/if_stage_i/compressed_decoder_i/n154;u_ibex_core/if_stage_i/compressed_decoder_i/n110 , 5502.726596879042,metal1,metal1
u_ibex_core/if_stage_i/compressed_decoder_i/n155;u_ibex_core/if_stage_i/compressed_decoder_i/n156 , 676.7569726275452,metal2,metal2
u_ibex_core/if_stage_i/compressed_decoder_i/n157;u_ibex_core/if_stage_i/compressed_decoder_i/n155 , 2429.8148077579904,metal2,metal2
u_ibex_core/if_stage_i/compressed_decoder_i/n161;u_ibex_core/if_stage_i/compressed_decoder_i/n168 , 3156.0101394006956,metal1,metal1
u_ibex_core/if_stage_i/compressed_decoder_i/n162;u_ibex_core/if_stage_i/compressed_decoder_i/n165 , 944.0338976964756,metal2,metal2
u_ibex_core/if_stage_i/compressed_decoder_i/n163;u_ibex_core/if_stage_i/compressed_decoder_i/n79 , 3398.352542041511,metal2,metal2
u_ibex_core/if_stage_i/compressed_decoder_i/n166;u_ibex_core/if_stage_i/compressed_decoder_i/n148 , 2077.4022239325727,metal2,metal2
u_ibex_core/if_stage_i/compressed_decoder_i/n170;u_ibex_core/if_stage_i/compressed_decoder_i/n68 , 7368.717663203008,metal2,metal2
u_ibex_core/if_stage_i/compressed_decoder_i/n171;u_ibex_core/if_stage_i/compressed_decoder_i/n173 , 4560.0,metal1,metal1
u_ibex_core/if_stage_i/compressed_decoder_i/n174;u_ibex_core/if_stage_i/compressed_decoder_i/n161 , 4327.5859321335265,metal1,metal1
u_ibex_core/if_stage_i/compressed_decoder_i/n175;u_ibex_core/if_stage_i/compressed_decoder_i/n117 , 3284.204622126947,metal1,metal1
u_ibex_core/if_stage_i/compressed_decoder_i/n178;u_ibex_core/if_stage_i/compressed_decoder_i/n168 , 4560.0,metal1,metal1
u_ibex_core/if_stage_i/compressed_decoder_i/n181;u_ibex_core/if_stage_i/compressed_decoder_i/n183 , 2513.404066201851,metal2,metal2
u_ibex_core/if_stage_i/compressed_decoder_i/n182;u_ibex_core/if_stage_i/compressed_decoder_i/n156 , 3598.7219953755807,metal2,metal2
u_ibex_core/if_stage_i/compressed_decoder_i/n184;u_ibex_core/if_stage_i/compressed_decoder_i/n158 , 5545.628909330303,metal1,metal1
u_ibex_core/if_stage_i/compressed_decoder_i/n185;u_ibex_core/if_stage_i/compressed_decoder_i/n179 , 8261.041096617302,metal3,metal3
u_ibex_core/if_stage_i/compressed_decoder_i/n187;u_ibex_core/if_stage_i/compressed_decoder_i/n181 , 4742.488798089037,metal2,metal2
