u_ibex_core/if_stage_i/compressed_decoder_i/n3;u_ibex_core/if_stage_i/compressed_decoder_i/n110
u_ibex_core/if_stage_i/compressed_decoder_i/n4;u_ibex_core/if_stage_i/compressed_decoder_i/n18
u_ibex_core/if_stage_i/compressed_decoder_i/n5;u_ibex_core/if_stage_i/compressed_decoder_i/n72
u_ibex_core/if_stage_i/compressed_decoder_i/n6;u_ibex_core/if_stage_i/compressed_decoder_i/n16
u_ibex_core/if_stage_i/compressed_decoder_i/n7;u_ibex_core/if_stage_i/compressed_decoder_i/n5
u_ibex_core/if_stage_i/compressed_decoder_i/n8;u_ibex_core/if_stage_i/compressed_decoder_i/n123
u_ibex_core/if_stage_i/compressed_decoder_i/n9;u_ibex_core/if_stage_i/compressed_decoder_i/n170
u_ibex_core/if_stage_i/compressed_decoder_i/n10;u_ibex_core/if_stage_i/compressed_decoder_i/n92
u_ibex_core/if_stage_i/compressed_decoder_i/n11;u_ibex_core/if_stage_i/compressed_decoder_i/n128
u_ibex_core/if_stage_i/compressed_decoder_i/n12;u_ibex_core/if_stage_i/compressed_decoder_i/n60
u_ibex_core/if_stage_i/compressed_decoder_i/n13;u_ibex_core/if_stage_i/compressed_decoder_i/n18
u_ibex_core/if_stage_i/compressed_decoder_i/n14;u_ibex_core/if_stage_i/compressed_decoder_i/n81
u_ibex_core/if_stage_i/compressed_decoder_i/n15;u_ibex_core/if_stage_i/compressed_decoder_i/n100
u_ibex_core/if_stage_i/compressed_decoder_i/n16;u_ibex_core/if_stage_i/compressed_decoder_i/n17
u_ibex_core/if_stage_i/compressed_decoder_i/n19;u_ibex_core/if_stage_i/compressed_decoder_i/n101
u_ibex_core/if_stage_i/compressed_decoder_i/n20;u_ibex_core/if_stage_i/compressed_decoder_i/n101
u_ibex_core/if_stage_i/compressed_decoder_i/n21;u_ibex_core/if_stage_i/compressed_decoder_i/n179
u_ibex_core/if_stage_i/compressed_decoder_i/n22;u_ibex_core/if_stage_i/compressed_decoder_i/n116
u_ibex_core/if_stage_i/compressed_decoder_i/n23;u_ibex_core/if_stage_i/compressed_decoder_i/n24
u_ibex_core/if_stage_i/compressed_decoder_i/n25;u_ibex_core/if_stage_i/compressed_decoder_i/n180
u_ibex_core/if_stage_i/compressed_decoder_i/n26;u_ibex_core/if_stage_i/compressed_decoder_i/n120
u_ibex_core/if_stage_i/compressed_decoder_i/n27;u_ibex_core/if_stage_i/compressed_decoder_i/n25
u_ibex_core/if_stage_i/compressed_decoder_i/n28;u_ibex_core/if_stage_i/compressed_decoder_i/n125
u_ibex_core/if_stage_i/compressed_decoder_i/n29;u_ibex_core/if_stage_i/compressed_decoder_i/n159
u_ibex_core/if_stage_i/compressed_decoder_i/n30;u_ibex_core/if_stage_i/compressed_decoder_i/n176
u_ibex_core/if_stage_i/compressed_decoder_i/n31;u_ibex_core/if_stage_i/compressed_decoder_i/n75
u_ibex_core/if_stage_i/compressed_decoder_i/n32;u_ibex_core/if_stage_i/compressed_decoder_i/n37
u_ibex_core/if_stage_i/compressed_decoder_i/n33;u_ibex_core/if_stage_i/compressed_decoder_i/n124
u_ibex_core/if_stage_i/compressed_decoder_i/n34;u_ibex_core/if_stage_i/compressed_decoder_i/n84
u_ibex_core/if_stage_i/compressed_decoder_i/n35;u_ibex_core/if_stage_i/compressed_decoder_i/n36
u_ibex_core/if_stage_i/compressed_decoder_i/n38;u_ibex_core/if_stage_i/compressed_decoder_i/n96
u_ibex_core/if_stage_i/compressed_decoder_i/n39;u_ibex_core/if_stage_i/compressed_decoder_i/n87
u_ibex_core/if_stage_i/compressed_decoder_i/n40;u_ibex_core/if_stage_i/compressed_decoder_i/n91
u_ibex_core/if_stage_i/compressed_decoder_i/n41;u_ibex_core/if_stage_i/compressed_decoder_i/n13
u_ibex_core/if_stage_i/compressed_decoder_i/n42;u_ibex_core/if_stage_i/compressed_decoder_i/n43
u_ibex_core/if_stage_i/compressed_decoder_i/n43;u_ibex_core/if_stage_i/compressed_decoder_i/n160
u_ibex_core/if_stage_i/compressed_decoder_i/n44;u_ibex_core/if_stage_i/compressed_decoder_i/n86
u_ibex_core/if_stage_i/compressed_decoder_i/n45;u_ibex_core/if_stage_i/compressed_decoder_i/n84
u_ibex_core/if_stage_i/compressed_decoder_i/n46;u_ibex_core/if_stage_i/compressed_decoder_i/n90
u_ibex_core/if_stage_i/compressed_decoder_i/n47;u_ibex_core/if_stage_i/compressed_decoder_i/n86
u_ibex_core/if_stage_i/compressed_decoder_i/n48;u_ibex_core/if_stage_i/compressed_decoder_i/n99
u_ibex_core/if_stage_i/compressed_decoder_i/n49;u_ibex_core/if_stage_i/compressed_decoder_i/n113
u_ibex_core/if_stage_i/compressed_decoder_i/n50;u_ibex_core/if_stage_i/compressed_decoder_i/n73
u_ibex_core/if_stage_i/compressed_decoder_i/n51;u_ibex_core/if_stage_i/compressed_decoder_i/n15
u_ibex_core/if_stage_i/compressed_decoder_i/n52;u_ibex_core/if_stage_i/compressed_decoder_i/n150
u_ibex_core/if_stage_i/compressed_decoder_i/n53;u_ibex_core/if_stage_i/compressed_decoder_i/n83
u_ibex_core/if_stage_i/compressed_decoder_i/n54;u_ibex_core/if_stage_i/compressed_decoder_i/n112
u_ibex_core/if_stage_i/compressed_decoder_i/n55;u_ibex_core/if_stage_i/compressed_decoder_i/n62
u_ibex_core/if_stage_i/compressed_decoder_i/n56;u_ibex_core/if_stage_i/compressed_decoder_i/n63
u_ibex_core/if_stage_i/compressed_decoder_i/n57;u_ibex_core/if_stage_i/compressed_decoder_i/n60
u_ibex_core/if_stage_i/compressed_decoder_i/n58;u_ibex_core/if_stage_i/compressed_decoder_i/n186
u_ibex_core/if_stage_i/compressed_decoder_i/n59;u_ibex_core/if_stage_i/compressed_decoder_i/n141
u_ibex_core/if_stage_i/compressed_decoder_i/n61;u_ibex_core/if_stage_i/compressed_decoder_i/n177
u_ibex_core/if_stage_i/compressed_decoder_i/n63;u_ibex_core/if_stage_i/compressed_decoder_i/n117
u_ibex_core/if_stage_i/compressed_decoder_i/n64;u_ibex_core/if_stage_i/compressed_decoder_i/n66
u_ibex_core/if_stage_i/compressed_decoder_i/n65;u_ibex_core/if_stage_i/compressed_decoder_i/n136
u_ibex_core/if_stage_i/compressed_decoder_i/n67;u_ibex_core/if_stage_i/compressed_decoder_i/n151
u_ibex_core/if_stage_i/compressed_decoder_i/n68;u_ibex_core/if_stage_i/compressed_decoder_i/n65
u_ibex_core/if_stage_i/compressed_decoder_i/n69;u_ibex_core/if_stage_i/compressed_decoder_i/n96
u_ibex_core/if_stage_i/compressed_decoder_i/n70;u_ibex_core/if_stage_i/compressed_decoder_i/n102
u_ibex_core/if_stage_i/compressed_decoder_i/n71;u_ibex_core/if_stage_i/compressed_decoder_i/n87
u_ibex_core/if_stage_i/compressed_decoder_i/n74;u_ibex_core/if_stage_i/compressed_decoder_i/n79
u_ibex_core/if_stage_i/compressed_decoder_i/n76;u_ibex_core/if_stage_i/compressed_decoder_i/n99
u_ibex_core/if_stage_i/compressed_decoder_i/n77;u_ibex_core/if_stage_i/compressed_decoder_i/n102
u_ibex_core/if_stage_i/compressed_decoder_i/n78;u_ibex_core/if_stage_i/compressed_decoder_i/n137
u_ibex_core/if_stage_i/compressed_decoder_i/n80;u_ibex_core/if_stage_i/compressed_decoder_i/n82
u_ibex_core/if_stage_i/compressed_decoder_i/n83;u_ibex_core/if_stage_i/compressed_decoder_i/n158
u_ibex_core/if_stage_i/compressed_decoder_i/n84;u_ibex_core/if_stage_i/compressed_decoder_i/n142
u_ibex_core/if_stage_i/compressed_decoder_i/n85;u_ibex_core/if_stage_i/compressed_decoder_i/n44
u_ibex_core/if_stage_i/compressed_decoder_i/n86;u_ibex_core/if_stage_i/compressed_decoder_i/n114
u_ibex_core/if_stage_i/compressed_decoder_i/n88;u_ibex_core/if_stage_i/compressed_decoder_i/n92
u_ibex_core/if_stage_i/compressed_decoder_i/n89;u_ibex_core/if_stage_i/compressed_decoder_i/n134
u_ibex_core/if_stage_i/compressed_decoder_i/n90;u_ibex_core/if_stage_i/compressed_decoder_i/n93
u_ibex_core/if_stage_i/compressed_decoder_i/n94;u_ibex_core/if_stage_i/compressed_decoder_i/n107
u_ibex_core/if_stage_i/compressed_decoder_i/n95;u_ibex_core/if_stage_i/compressed_decoder_i/n73
u_ibex_core/if_stage_i/compressed_decoder_i/n97;u_ibex_core/if_stage_i/compressed_decoder_i/n143
u_ibex_core/if_stage_i/compressed_decoder_i/n98;u_ibex_core/if_stage_i/compressed_decoder_i/n100
u_ibex_core/if_stage_i/compressed_decoder_i/n103;u_ibex_core/if_stage_i/compressed_decoder_i/n105
u_ibex_core/if_stage_i/compressed_decoder_i/n104;u_ibex_core/if_stage_i/compressed_decoder_i/n169
u_ibex_core/if_stage_i/compressed_decoder_i/n106;u_ibex_core/if_stage_i/compressed_decoder_i/n146
u_ibex_core/if_stage_i/compressed_decoder_i/n108;u_ibex_core/if_stage_i/compressed_decoder_i/n109
u_ibex_core/if_stage_i/compressed_decoder_i/n111;u_ibex_core/if_stage_i/compressed_decoder_i/n175
u_ibex_core/if_stage_i/compressed_decoder_i/n115;u_ibex_core/if_stage_i/compressed_decoder_i/n146
u_ibex_core/if_stage_i/compressed_decoder_i/n118;u_ibex_core/if_stage_i/compressed_decoder_i/n117
u_ibex_core/if_stage_i/compressed_decoder_i/n119;u_ibex_core/if_stage_i/compressed_decoder_i/n157
u_ibex_core/if_stage_i/compressed_decoder_i/n120;u_ibex_core/if_stage_i/compressed_decoder_i/n21
u_ibex_core/if_stage_i/compressed_decoder_i/n121;u_ibex_core/if_stage_i/compressed_decoder_i/n50
u_ibex_core/if_stage_i/compressed_decoder_i/n122;u_ibex_core/if_stage_i/compressed_decoder_i/n167
u_ibex_core/if_stage_i/compressed_decoder_i/n126;u_ibex_core/if_stage_i/compressed_decoder_i/n131
u_ibex_core/if_stage_i/compressed_decoder_i/n127;u_ibex_core/if_stage_i/compressed_decoder_i/n78
u_ibex_core/if_stage_i/compressed_decoder_i/n129;u_ibex_core/if_stage_i/compressed_decoder_i/n107
u_ibex_core/if_stage_i/compressed_decoder_i/n130;u_ibex_core/if_stage_i/compressed_decoder_i/n172
u_ibex_core/if_stage_i/compressed_decoder_i/n132;u_ibex_core/if_stage_i/compressed_decoder_i/n115
u_ibex_core/if_stage_i/compressed_decoder_i/n133;u_ibex_core/if_stage_i/compressed_decoder_i/n11
u_ibex_core/if_stage_i/compressed_decoder_i/n135;u_ibex_core/if_stage_i/compressed_decoder_i/n172
u_ibex_core/if_stage_i/compressed_decoder_i/n138;u_ibex_core/if_stage_i/compressed_decoder_i/n137
u_ibex_core/if_stage_i/compressed_decoder_i/n139;u_ibex_core/if_stage_i/compressed_decoder_i/n173
u_ibex_core/if_stage_i/compressed_decoder_i/n140;u_ibex_core/if_stage_i/compressed_decoder_i/n129
u_ibex_core/if_stage_i/compressed_decoder_i/n144;u_ibex_core/if_stage_i/compressed_decoder_i/n164
u_ibex_core/if_stage_i/compressed_decoder_i/n145;u_ibex_core/if_stage_i/compressed_decoder_i/n105
u_ibex_core/if_stage_i/compressed_decoder_i/n147;u_ibex_core/if_stage_i/compressed_decoder_i/n148
u_ibex_core/if_stage_i/compressed_decoder_i/n149;u_ibex_core/if_stage_i/compressed_decoder_i/n112
u_ibex_core/if_stage_i/compressed_decoder_i/n152;u_ibex_core/if_stage_i/compressed_decoder_i/n139
u_ibex_core/if_stage_i/compressed_decoder_i/n153;u_ibex_core/if_stage_i/compressed_decoder_i/n144
u_ibex_core/if_stage_i/compressed_decoder_i/n154;u_ibex_core/if_stage_i/compressed_decoder_i/n110
u_ibex_core/if_stage_i/compressed_decoder_i/n155;u_ibex_core/if_stage_i/compressed_decoder_i/n156
u_ibex_core/if_stage_i/compressed_decoder_i/n157;u_ibex_core/if_stage_i/compressed_decoder_i/n155
u_ibex_core/if_stage_i/compressed_decoder_i/n161;u_ibex_core/if_stage_i/compressed_decoder_i/n168
u_ibex_core/if_stage_i/compressed_decoder_i/n162;u_ibex_core/if_stage_i/compressed_decoder_i/n165
u_ibex_core/if_stage_i/compressed_decoder_i/n163;u_ibex_core/if_stage_i/compressed_decoder_i/n79
u_ibex_core/if_stage_i/compressed_decoder_i/n166;u_ibex_core/if_stage_i/compressed_decoder_i/n148
u_ibex_core/if_stage_i/compressed_decoder_i/n170;u_ibex_core/if_stage_i/compressed_decoder_i/n68
u_ibex_core/if_stage_i/compressed_decoder_i/n171;u_ibex_core/if_stage_i/compressed_decoder_i/n173
u_ibex_core/if_stage_i/compressed_decoder_i/n174;u_ibex_core/if_stage_i/compressed_decoder_i/n161
u_ibex_core/if_stage_i/compressed_decoder_i/n175;u_ibex_core/if_stage_i/compressed_decoder_i/n117
u_ibex_core/if_stage_i/compressed_decoder_i/n178;u_ibex_core/if_stage_i/compressed_decoder_i/n168
u_ibex_core/if_stage_i/compressed_decoder_i/n181;u_ibex_core/if_stage_i/compressed_decoder_i/n183
u_ibex_core/if_stage_i/compressed_decoder_i/n182;u_ibex_core/if_stage_i/compressed_decoder_i/n156
u_ibex_core/if_stage_i/compressed_decoder_i/n184;u_ibex_core/if_stage_i/compressed_decoder_i/n158
u_ibex_core/if_stage_i/compressed_decoder_i/n185;u_ibex_core/if_stage_i/compressed_decoder_i/n179
u_ibex_core/if_stage_i/compressed_decoder_i/n187;u_ibex_core/if_stage_i/compressed_decoder_i/n181
