u_ibex_core/id_stage_i/decoder_i/illegal_insn;u_ibex_core/id_stage_i/decoder_i/n162 , 2480.322559668399,metal2,metal2
u_ibex_core/id_stage_i/decoder_i/n3;u_ibex_core/id_stage_i/decoder_i/n240 , 3196.247800155676,metal2,metal2
u_ibex_core/id_stage_i/decoder_i/n4;u_ibex_core/id_stage_i/decoder_i/n29 , 3944.616584663204,metal2,metal2
u_ibex_core/id_stage_i/decoder_i/n5;u_ibex_core/id_stage_i/decoder_i/n82 , 5502.726596879042,metal2,metal2
u_ibex_core/id_stage_i/decoder_i/n6;u_ibex_core/id_stage_i/decoder_i/n251 , 7163.127808436759,metal2,metal2
u_ibex_core/id_stage_i/decoder_i/n7;u_ibex_core/id_stage_i/decoder_i/n172 , 1619.876538505327,metal2,metal2
u_ibex_core/id_stage_i/decoder_i/n8;u_ibex_core/id_stage_i/decoder_i/n274 , 3664.150651924672,metal1,metal1
u_ibex_core/id_stage_i/decoder_i/n9;u_ibex_core/id_stage_i/decoder_i/n194 , 3040.0,metal1,metal1
u_ibex_core/id_stage_i/decoder_i/n10;u_ibex_core/id_stage_i/decoder_i/n179 , 2272.003521124032,metal1,metal1
u_ibex_core/id_stage_i/decoder_i/n11;u_ibex_core/id_stage_i/decoder_i/n61 , 1900.0,metal1,metal1
u_ibex_core/id_stage_i/decoder_i/n12;u_ibex_core/id_stage_i/decoder_i/n200 , 2280.0,metal2,metal2
u_ibex_core/id_stage_i/decoder_i/n13;u_ibex_core/id_stage_i/decoder_i/n190 , 2548.4897488512684,metal1,metal1
u_ibex_core/id_stage_i/decoder_i/n14;u_ibex_core/id_stage_i/decoder_i/n227 , 2674.696244435992,metal2,metal2
u_ibex_core/id_stage_i/decoder_i/n16;u_ibex_core/id_stage_i/decoder_i/n26 , 9804.896735815222,metal3,metal3
u_ibex_core/id_stage_i/decoder_i/n17;u_ibex_core/id_stage_i/decoder_i/n245 , 3810.3543142337826,metal2,metal2
u_ibex_core/id_stage_i/decoder_i/n19;u_ibex_core/id_stage_i/decoder_i/n166 , 5886.6628916560185,metal1,metal1
u_ibex_core/id_stage_i/decoder_i/n20;u_ibex_core/id_stage_i/decoder_i/n284 , 3304.118641937665,metal1,metal1
u_ibex_core/id_stage_i/decoder_i/n21;u_ibex_core/id_stage_i/decoder_i/n198 , 5928.912210515517,metal3,metal3
u_ibex_core/id_stage_i/decoder_i/n22;u_ibex_core/id_stage_i/decoder_i/n154 , 2265.568361361007,metal2,metal2
u_ibex_core/id_stage_i/decoder_i/n23;u_ibex_core/id_stage_i/decoder_i/n169 , 3146.1087075941923,metal3,metal3
u_ibex_core/id_stage_i/decoder_i/n24;u_ibex_core/id_stage_i/decoder_i/n232 , 3284.204622126947,metal1,metal1
u_ibex_core/id_stage_i/decoder_i/n25;u_ibex_core/id_stage_i/decoder_i/n144 , 2030.2709178826358,metal2,metal2
u_ibex_core/id_stage_i/decoder_i/n27;u_ibex_core/id_stage_i/decoder_i/n240 , 3006.6592756745813,metal2,metal2
u_ibex_core/id_stage_i/decoder_i/n28;u_ibex_core/id_stage_i/decoder_i/n234 , 3800.0,metal2,metal2
u_ibex_core/id_stage_i/decoder_i/n30;u_ibex_core/id_stage_i/decoder_i/n176 , 380.0,metal2,metal2
u_ibex_core/id_stage_i/decoder_i/n31;u_ibex_core/id_stage_i/decoder_i/n275 , 2297.1286424577966,metal2,metal2
u_ibex_core/id_stage_i/decoder_i/n32;u_ibex_core/id_stage_i/decoder_i/n184 , 2765.8633371878664,metal1,metal1
u_ibex_core/id_stage_i/decoder_i/n33;u_ibex_core/id_stage_i/decoder_i/n187 , 2660.0,metal2,metal2
u_ibex_core/id_stage_i/decoder_i/n36;u_ibex_core/id_stage_i/decoder_i/n45 , 1353.5139452550904,metal2,metal2
u_ibex_core/id_stage_i/decoder_i/n37;u_ibex_core/id_stage_i/decoder_i/n152 , 9062.273445444029,metal3,metal3
u_ibex_core/id_stage_i/decoder_i/n39;u_ibex_core/id_stage_i/decoder_i/n192 , 760.0,metal2,metal2
u_ibex_core/id_stage_i/decoder_i/n40;u_ibex_core/id_stage_i/decoder_i/n284 , 1900.0,metal1,metal1
u_ibex_core/id_stage_i/decoder_i/n41;u_ibex_core/id_stage_i/decoder_i/n42 , 3800.0,metal1,metal1
u_ibex_core/id_stage_i/decoder_i/n42;u_ibex_core/id_stage_i/decoder_i/n151 , 3040.0,metal1,metal1
u_ibex_core/id_stage_i/decoder_i/n43;u_ibex_core/id_stage_i/decoder_i/n282 , 3040.0,metal1,metal1
u_ibex_core/id_stage_i/decoder_i/n44;u_ibex_core/id_stage_i/decoder_i/n51 , 3172.3808094237365,metal1,metal1
u_ibex_core/id_stage_i/decoder_i/n45;u_ibex_core/id_stage_i/decoder_i/n275 , 921.9544457292888,metal2,metal2
u_ibex_core/id_stage_i/decoder_i/n46;u_ibex_core/id_stage_i/decoder_i/n244 , 1900.0,metal1,metal1
u_ibex_core/id_stage_i/decoder_i/n47;u_ibex_core/id_stage_i/decoder_i/n264 , 2765.8633371878664,metal3,metal3
u_ibex_core/id_stage_i/decoder_i/n49;u_ibex_core/id_stage_i/decoder_i/n144 , 2205.538483001373,metal2,metal2
u_ibex_core/id_stage_i/decoder_i/n50;u_ibex_core/id_stage_i/decoder_i/n200 , 2548.4897488512684,metal2,metal2
u_ibex_core/id_stage_i/decoder_i/n51;u_ibex_core/id_stage_i/decoder_i/n53 , 2548.4897488512684,metal1,metal1
u_ibex_core/id_stage_i/decoder_i/n52;u_ibex_core/id_stage_i/decoder_i/n50 , 3548.1262660734046,metal2,metal2
u_ibex_core/id_stage_i/decoder_i/n54;u_ibex_core/id_stage_i/decoder_i/n233 , 3103.353025358217,metal2,metal2
u_ibex_core/id_stage_i/decoder_i/n55;u_ibex_core/id_stage_i/decoder_i/n9 , 5545.628909330303,metal1,metal1
u_ibex_core/id_stage_i/decoder_i/n56;u_ibex_core/id_stage_i/decoder_i/n62 , 1140.0,metal2,metal2
u_ibex_core/id_stage_i/decoder_i/n57;u_ibex_core/id_stage_i/decoder_i/n200 , 1270.1181047445943,metal2,metal2
u_ibex_core/id_stage_i/decoder_i/n58;u_ibex_core/id_stage_i/decoder_i/n282 , 2632.1094202179365,metal1,metal1
u_ibex_core/id_stage_i/decoder_i/n59;u_ibex_core/id_stage_i/decoder_i/n12 , 2901.3100489261747,metal2,metal2
u_ibex_core/id_stage_i/decoder_i/n60;u_ibex_core/id_stage_i/decoder_i/n131 , 3687.817782917155,metal3,metal3
u_ibex_core/id_stage_i/decoder_i/n63;u_ibex_core/id_stage_i/decoder_i/n153 , 1805.4362353736008,metal2,metal2
u_ibex_core/id_stage_i/decoder_i/n66;u_ibex_core/id_stage_i/decoder_i/n74 , 1140.0,metal2,metal2
u_ibex_core/id_stage_i/decoder_i/n67;u_ibex_core/id_stage_i/decoder_i/n267 , 2272.003521124032,metal3,metal3
u_ibex_core/id_stage_i/decoder_i/n68;u_ibex_core/id_stage_i/decoder_i/n70 , 2297.1286424577966,metal1,metal1
u_ibex_core/id_stage_i/decoder_i/n69;u_ibex_core/id_stage_i/decoder_i/n77 , 380.0,metal2,metal2
u_ibex_core/id_stage_i/decoder_i/n71;u_ibex_core/id_stage_i/decoder_i/n68 , 5913.543776789007,metal1,metal1
u_ibex_core/id_stage_i/decoder_i/n72;u_ibex_core/id_stage_i/decoder_i/n75 , 3618.894858931384,metal3,metal3
u_ibex_core/id_stage_i/decoder_i/n73;u_ibex_core/id_stage_i/decoder_i/n260 , 1450.6550244630873,metal2,metal2
u_ibex_core/id_stage_i/decoder_i/n76;u_ibex_core/id_stage_i/decoder_i/n78 , 3304.118641937665,metal2,metal2
u_ibex_core/id_stage_i/decoder_i/n78;u_ibex_core/id_stage_i/decoder_i/n259 , 944.0338976964756,metal2,metal2
u_ibex_core/id_stage_i/decoder_i/n79;u_ibex_core/id_stage_i/decoder_i/n72 , 4069.6437190496176,metal3,metal3
u_ibex_core/id_stage_i/decoder_i/n80;u_ibex_core/id_stage_i/decoder_i/n281 , 36218.63056494544,metal1,metal1
u_ibex_core/id_stage_i/decoder_i/n81;u_ibex_core/id_stage_i/decoder_i/n83 , 1173.8824472663352,metal2,metal2
u_ibex_core/id_stage_i/decoder_i/n82;u_ibex_core/id_stage_i/decoder_i/n83 , 1960.0,metal2,metal2
u_ibex_core/id_stage_i/decoder_i/n84;u_ibex_core/id_stage_i/decoder_i/n85 , 1805.4362353736008,metal2,metal2
u_ibex_core/id_stage_i/decoder_i/n86;u_ibex_core/id_stage_i/decoder_i/n87 , 760.0,metal2,metal2
u_ibex_core/id_stage_i/decoder_i/n88;u_ibex_core/id_stage_i/decoder_i/n87 , 2102.189334955346,metal2,metal2
u_ibex_core/id_stage_i/decoder_i/n89;u_ibex_core/id_stage_i/decoder_i/n127 , 5072.4353125495845,metal1,metal1
u_ibex_core/id_stage_i/decoder_i/n90;u_ibex_core/id_stage_i/decoder_i/n161 , 3431.4428452183206,metal2,metal2
u_ibex_core/id_stage_i/decoder_i/n91;u_ibex_core/id_stage_i/decoder_i/n88 , 2660.0,metal2,metal2
u_ibex_core/id_stage_i/decoder_i/n92;u_ibex_core/id_stage_i/decoder_i/n106 , 2365.417510715603,metal2,metal2
u_ibex_core/id_stage_i/decoder_i/n93;u_ibex_core/id_stage_i/decoder_i/n104 , 2942.9237163066255,metal1,metal1
u_ibex_core/id_stage_i/decoder_i/n94;u_ibex_core/id_stage_i/decoder_i/n97 , 3005.9274775017443,metal2,metal2
u_ibex_core/id_stage_i/decoder_i/n95;u_ibex_core/id_stage_i/decoder_i/n100 , 1736.6634676873928,metal2,metal2
u_ibex_core/id_stage_i/decoder_i/n96;u_ibex_core/id_stage_i/decoder_i/n114 , 3944.616584663204,metal2,metal2
u_ibex_core/id_stage_i/decoder_i/n97;u_ibex_core/id_stage_i/decoder_i/n100 , 1592.9846201391902,metal2,metal2
u_ibex_core/id_stage_i/decoder_i/n98;u_ibex_core/id_stage_i/decoder_i/n95 , 1736.6634676873928,metal2,metal2
u_ibex_core/id_stage_i/decoder_i/n99;u_ibex_core/id_stage_i/decoder_i/n93 , 3832.0751558391967,metal1,metal1
u_ibex_core/id_stage_i/decoder_i/n101;u_ibex_core/id_stage_i/decoder_i/n160 , 676.7569726275452,metal2,metal2
u_ibex_core/id_stage_i/decoder_i/n102;u_ibex_core/id_stage_i/decoder_i/n105 , 2765.8633371878664,metal2,metal2
u_ibex_core/id_stage_i/decoder_i/n103;u_ibex_core/id_stage_i/decoder_i/n123 , 2267.4214429611447,metal3,metal3
u_ibex_core/id_stage_i/decoder_i/n105;u_ibex_core/id_stage_i/decoder_i/n122 , 2272.003521124032,metal2,metal2
u_ibex_core/id_stage_i/decoder_i/n107;u_ibex_core/id_stage_i/decoder_i/n269 , 2429.8148077579904,metal2,metal2
u_ibex_core/id_stage_i/decoder_i/n108;u_ibex_core/id_stage_i/decoder_i/n269 , 4730.835021431206,metal2,metal2
u_ibex_core/id_stage_i/decoder_i/n109;u_ibex_core/id_stage_i/decoder_i/n258 , 3172.3808094237365,metal2,metal2
u_ibex_core/id_stage_i/decoder_i/n110;u_ibex_core/id_stage_i/decoder_i/n88 , 4880.860579856794,metal2,metal2
u_ibex_core/id_stage_i/decoder_i/n111;u_ibex_core/id_stage_i/decoder_i/n279 , 6581.549969422097,metal1,metal1
u_ibex_core/id_stage_i/decoder_i/n112;u_ibex_core/id_stage_i/decoder_i/n116 , 1736.6634676873928,metal2,metal2
u_ibex_core/id_stage_i/decoder_i/n113;u_ibex_core/id_stage_i/decoder_i/n112 , 2030.2709178826358,metal2,metal2
u_ibex_core/id_stage_i/decoder_i/n114;u_ibex_core/id_stage_i/decoder_i/n113 , 3659.7814142377406,metal2,metal2
u_ibex_core/id_stage_i/decoder_i/n115;u_ibex_core/id_stage_i/decoder_i/n202 , 2832.101693089427,metal2,metal2
u_ibex_core/id_stage_i/decoder_i/n117;u_ibex_core/id_stage_i/decoder_i/n118 , 1680.0,metal2,metal2
u_ibex_core/id_stage_i/decoder_i/n119;u_ibex_core/id_stage_i/decoder_i/n120 , 380.0,metal2,metal2
u_ibex_core/id_stage_i/decoder_i/n121;u_ibex_core/id_stage_i/decoder_i/n226 , 3040.0,metal1,metal1
u_ibex_core/id_stage_i/decoder_i/n124;u_ibex_core/id_stage_i/decoder_i/n128 , 3172.3808094237365,metal2,metal2
u_ibex_core/id_stage_i/decoder_i/n125;u_ibex_core/id_stage_i/decoder_i/n103 , 4880.860579856794,metal3,metal3
u_ibex_core/id_stage_i/decoder_i/n126;u_ibex_core/id_stage_i/decoder_i/n227 , 5834.655088349267,metal2,metal2
u_ibex_core/id_stage_i/decoder_i/n127;u_ibex_core/id_stage_i/decoder_i/n130 , 2272.003521124032,metal1,metal1
u_ibex_core/id_stage_i/decoder_i/n128;u_ibex_core/id_stage_i/decoder_i/n129 , 1545.5743269089326,metal2,metal2
u_ibex_core/id_stage_i/decoder_i/n131;u_ibex_core/id_stage_i/decoder_i/n180 , 2347.7648945326705,metal3,metal3
u_ibex_core/id_stage_i/decoder_i/n132;u_ibex_core/id_stage_i/decoder_i/n166 , 3080.0,metal1,metal1
u_ibex_core/id_stage_i/decoder_i/n133;u_ibex_core/id_stage_i/decoder_i/n134 , 2956.7718883945035,metal2,metal2
u_ibex_core/id_stage_i/decoder_i/n135;u_ibex_core/id_stage_i/decoder_i/n145 , 1900.0,metal1,metal1
u_ibex_core/id_stage_i/decoder_i/n136;u_ibex_core/id_stage_i/decoder_i/n242 , 3006.6592756745813,metal1,metal1
u_ibex_core/id_stage_i/decoder_i/n137;u_ibex_core/id_stage_i/decoder_i/n239 , 6334.824385884742,metal2,metal2
u_ibex_core/id_stage_i/decoder_i/n138;u_ibex_core/id_stage_i/decoder_i/n139 , 2240.0,metal1,metal1
u_ibex_core/id_stage_i/decoder_i/n140;u_ibex_core/id_stage_i/decoder_i/n239 , 1545.5743269089326,metal2,metal2
u_ibex_core/id_stage_i/decoder_i/n141;u_ibex_core/id_stage_i/decoder_i/n146 , 7289.444423273972,metal3,metal3
u_ibex_core/id_stage_i/decoder_i/n142;u_ibex_core/id_stage_i/decoder_i/n232 , 4880.860579856794,metal1,metal1
u_ibex_core/id_stage_i/decoder_i/n143;u_ibex_core/id_stage_i/decoder_i/n25 , 3618.894858931384,metal2,metal2
u_ibex_core/id_stage_i/decoder_i/n147;u_ibex_core/id_stage_i/decoder_i/n151 , 5651.336125200835,metal1,metal1
u_ibex_core/id_stage_i/decoder_i/n148;u_ibex_core/id_stage_i/decoder_i/n248 , 2102.189334955346,metal2,metal2
u_ibex_core/id_stage_i/decoder_i/n149;u_ibex_core/id_stage_i/decoder_i/n150 , 2825.6680626004177,metal2,metal2
u_ibex_core/id_stage_i/decoder_i/n152;u_ibex_core/id_stage_i/decoder_i/n182 , 6815.629097889643,metal3,metal3
u_ibex_core/id_stage_i/decoder_i/n154;u_ibex_core/id_stage_i/decoder_i/n156 , 1173.8824472663352,metal2,metal2
u_ibex_core/id_stage_i/decoder_i/n157;u_ibex_core/id_stage_i/decoder_i/n158 , 760.0,metal2,metal2
u_ibex_core/id_stage_i/decoder_i/n159;u_ibex_core/id_stage_i/decoder_i/n261 , 2272.003521124032,metal2,metal2
u_ibex_core/id_stage_i/decoder_i/n161;u_ibex_core/id_stage_i/decoder_i/n202 , 1736.6634676873928,metal2,metal2
u_ibex_core/id_stage_i/decoder_i/n163;u_ibex_core/id_stage_i/decoder_i/n53 , 3040.0,metal1,metal1
u_ibex_core/id_stage_i/decoder_i/n164;u_ibex_core/id_stage_i/decoder_i/n165 , 2365.417510715603,metal2,metal2
u_ibex_core/id_stage_i/decoder_i/n166;u_ibex_core/id_stage_i/decoder_i/n167 , 2765.8633371878664,metal1,metal1
u_ibex_core/id_stage_i/decoder_i/n168;u_ibex_core/id_stage_i/decoder_i/n7 , 3434.64699787329,metal2,metal2
u_ibex_core/id_stage_i/decoder_i/n170;u_ibex_core/id_stage_i/decoder_i/n171 , 3618.894858931384,metal1,metal1
u_ibex_core/id_stage_i/decoder_i/n173;u_ibex_core/id_stage_i/decoder_i/n233 , 1353.5139452550904,metal2,metal2
u_ibex_core/id_stage_i/decoder_i/n174;u_ibex_core/id_stage_i/decoder_i/n179 , 4947.928859634099,metal1,metal1
u_ibex_core/id_stage_i/decoder_i/n175;u_ibex_core/id_stage_i/decoder_i/n30 , 1736.6634676873928,metal2,metal2
u_ibex_core/id_stage_i/decoder_i/n177;u_ibex_core/id_stage_i/decoder_i/n186 , 2102.189334955346,metal2,metal2
u_ibex_core/id_stage_i/decoder_i/n178;u_ibex_core/id_stage_i/decoder_i/n37 , 11477.50844042382,metal3,metal3
u_ibex_core/id_stage_i/decoder_i/n181;u_ibex_core/id_stage_i/decoder_i/n283 , 1173.8824472663352,metal2,metal2
u_ibex_core/id_stage_i/decoder_i/n182;u_ibex_core/id_stage_i/decoder_i/n169 , 3687.817782917155,metal3,metal3
u_ibex_core/id_stage_i/decoder_i/n183;u_ibex_core/id_stage_i/decoder_i/n185 , 1843.9088914585775,metal2,metal2
u_ibex_core/id_stage_i/decoder_i/n188;u_ibex_core/id_stage_i/decoder_i/n179 , 4794.371700233514,metal1,metal1
u_ibex_core/id_stage_i/decoder_i/n189;u_ibex_core/id_stage_i/decoder_i/n190 , 1900.0,metal1,metal1
u_ibex_core/id_stage_i/decoder_i/n191;u_ibex_core/id_stage_i/decoder_i/n192 , 3040.0,metal2,metal2
u_ibex_core/id_stage_i/decoder_i/n193;u_ibex_core/id_stage_i/decoder_i/n39 , 809.9382692526635,metal2,metal2
u_ibex_core/id_stage_i/decoder_i/n197;u_ibex_core/id_stage_i/decoder_i/n247 , 2765.8633371878664,metal1,metal1
u_ibex_core/id_stage_i/decoder_i/n199;u_ibex_core/id_stage_i/decoder_i/n246 , 1416.0508465447135,metal2,metal2
u_ibex_core/id_stage_i/decoder_i/n201;u_ibex_core/id_stage_i/decoder_i/n161 , 2825.6680626004177,metal2,metal2
u_ibex_core/id_stage_i/decoder_i/n203;u_ibex_core/id_stage_i/decoder_i/n204 , 472.0169488482378,metal2,metal2
u_ibex_core/id_stage_i/decoder_i/n206;u_ibex_core/id_stage_i/decoder_i/n209 , 7040.71019145086,metal3,metal3
u_ibex_core/id_stage_i/decoder_i/n207;u_ibex_core/id_stage_i/decoder_i/n268 , 3948.6706623875334,metal1,metal1
u_ibex_core/id_stage_i/decoder_i/n208;u_ibex_core/id_stage_i/decoder_i/n210 , 3052.8675044947495,metal2,metal2
u_ibex_core/id_stage_i/decoder_i/n210;u_ibex_core/id_stage_i/decoder_i/n288 , 1920.5207627099478,metal2,metal2
u_ibex_core/id_stage_i/decoder_i/n211;u_ibex_core/id_stage_i/decoder_i/n113 , 2077.4022239325727,metal2,metal2
u_ibex_core/id_stage_i/decoder_i/n212;u_ibex_core/id_stage_i/decoder_i/n116 , 2205.538483001373,metal2,metal2
u_ibex_core/id_stage_i/decoder_i/n213;u_ibex_core/id_stage_i/decoder_i/n121 , 5545.628909330303,metal1,metal1
u_ibex_core/id_stage_i/decoder_i/n214;u_ibex_core/id_stage_i/decoder_i/n112 , 2205.538483001373,metal2,metal2
u_ibex_core/id_stage_i/decoder_i/n215;u_ibex_core/id_stage_i/decoder_i/n216 , 760.0,metal1,metal1
u_ibex_core/id_stage_i/decoder_i/n217;u_ibex_core/id_stage_i/decoder_i/n221 , 676.7569726275452,metal2,metal2
u_ibex_core/id_stage_i/decoder_i/n218;u_ibex_core/id_stage_i/decoder_i/n194 , 5192.186437330616,metal1,metal1
u_ibex_core/id_stage_i/decoder_i/n219;u_ibex_core/id_stage_i/decoder_i/n216 , 4602.477593644536,metal1,metal1
u_ibex_core/id_stage_i/decoder_i/n220;u_ibex_core/id_stage_i/decoder_i/n6 , 66558.04384144714,metal2,metal2
u_ibex_core/id_stage_i/decoder_i/n222;u_ibex_core/id_stage_i/decoder_i/n21 , 8278.96128750461,metal3,metal3
u_ibex_core/id_stage_i/decoder_i/n223;u_ibex_core/id_stage_i/decoder_i/n269 , 560.0,metal2,metal2
u_ibex_core/id_stage_i/decoder_i/n224;u_ibex_core/id_stage_i/decoder_i/n122 , 2937.277651159318,metal2,metal2
u_ibex_core/id_stage_i/decoder_i/n225;u_ibex_core/id_stage_i/decoder_i/n203 , 1722.440129583609,metal2,metal2
u_ibex_core/id_stage_i/decoder_i/n228;u_ibex_core/id_stage_i/decoder_i/n71 , 24596.910375085732,metal1,metal1
u_ibex_core/id_stage_i/decoder_i/n229;u_ibex_core/id_stage_i/decoder_i/n72 , 21324.164696418946,metal3,metal3
u_ibex_core/id_stage_i/decoder_i/n230;u_ibex_core/id_stage_i/decoder_i/n47 , 21793.28336896485,metal3,metal3
u_ibex_core/id_stage_i/decoder_i/n231;u_ibex_core/id_stage_i/decoder_i/n162 , 5636.20439657754,metal2,metal2
u_ibex_core/id_stage_i/decoder_i/n234;u_ibex_core/id_stage_i/decoder_i/n235 , 2513.404066201851,metal2,metal2
u_ibex_core/id_stage_i/decoder_i/n236;u_ibex_core/id_stage_i/decoder_i/n172 , 2632.1094202179365,metal2,metal2
u_ibex_core/id_stage_i/decoder_i/n237;u_ibex_core/id_stage_i/decoder_i/n245 , 2540.2362094891887,metal2,metal2
u_ibex_core/id_stage_i/decoder_i/n241;u_ibex_core/id_stage_i/decoder_i/n273 , 3640.0,metal2,metal2
u_ibex_core/id_stage_i/decoder_i/n242;u_ibex_core/id_stage_i/decoder_i/n139 , 2674.696244435992,metal1,metal1
u_ibex_core/id_stage_i/decoder_i/n243;u_ibex_core/id_stage_i/decoder_i/n49 , 3383.7848631377265,metal2,metal2
u_ibex_core/id_stage_i/decoder_i/n247;u_ibex_core/id_stage_i/decoder_i/n274 , 1520.0,metal1,metal1
u_ibex_core/id_stage_i/decoder_i/n249;u_ibex_core/id_stage_i/decoder_i/n186 , 2485.8197842965205,metal2,metal2
u_ibex_core/id_stage_i/decoder_i/n250;u_ibex_core/id_stage_i/decoder_i/n43 , 3040.0,metal1,metal1
u_ibex_core/id_stage_i/decoder_i/n251;u_ibex_core/id_stage_i/decoder_i/n280 , 3091.148653817865,metal2,metal2
u_ibex_core/id_stage_i/decoder_i/n252;u_ibex_core/id_stage_i/decoder_i/n213 , 6046.354273444454,metal1,metal1
u_ibex_core/id_stage_i/decoder_i/n253;u_ibex_core/id_stage_i/decoder_i/n281 , 5700.0,metal1,metal1
u_ibex_core/id_stage_i/decoder_i/n254;u_ibex_core/id_stage_i/decoder_i/n255 , 676.7569726275452,metal2,metal2
u_ibex_core/id_stage_i/decoder_i/n256;u_ibex_core/id_stage_i/decoder_i/n77 , 1619.876538505327,metal2,metal2
u_ibex_core/id_stage_i/decoder_i/n257;u_ibex_core/id_stage_i/decoder_i/n291 , 2825.6680626004177,metal2,metal2
u_ibex_core/id_stage_i/decoder_i/n262;u_ibex_core/id_stage_i/decoder_i/n268 , 3284.204622126947,metal1,metal1
u_ibex_core/id_stage_i/decoder_i/n263;u_ibex_core/id_stage_i/decoder_i/n159 , 2660.0,metal2,metal2
u_ibex_core/id_stage_i/decoder_i/n265;u_ibex_core/id_stage_i/decoder_i/n162 , 6484.103638900292,metal2,metal2
u_ibex_core/id_stage_i/decoder_i/n266;u_ibex_core/id_stage_i/decoder_i/n218 , 5664.203386178854,metal1,metal1
u_ibex_core/id_stage_i/decoder_i/n270;u_ibex_core/id_stage_i/decoder_i/n264 , 8265.978465977274,metal3,metal3
u_ibex_core/id_stage_i/decoder_i/n271;u_ibex_core/id_stage_i/decoder_i/n256 , 2707.027890510181,metal2,metal2
u_ibex_core/id_stage_i/decoder_i/n272;u_ibex_core/id_stage_i/decoder_i/n267 , 14236.516427834444,metal3,metal3
u_ibex_core/id_stage_i/decoder_i/n276;u_ibex_core/id_stage_i/decoder_i/n221 , 3023.177136722227,metal2,metal2
u_ibex_core/id_stage_i/decoder_i/n278;u_ibex_core/id_stage_i/decoder_i/n191 , 8426.719409117644,metal2,metal2
u_ibex_core/id_stage_i/decoder_i/n280;u_ibex_core/id_stage_i/decoder_i/illegal_insn , 2832.101693089427,metal2,metal2
u_ibex_core/id_stage_i/decoder_i/n285;u_ibex_core/id_stage_i/decoder_i/n204 , 2540.2362094891887,metal2,metal2
u_ibex_core/id_stage_i/decoder_i/n286;u_ibex_core/id_stage_i/decoder_i/n287 , 7724.143965514883,metal1,metal1
u_ibex_core/id_stage_i/decoder_i/n289;u_ibex_core/id_stage_i/decoder_i/n259 , 5277.878361614637,metal2,metal2
u_ibex_core/id_stage_i/decoder_i/n290;u_ibex_core/id_stage_i/decoder_i/n257 , 3381.4198201347313,metal2,metal2
