u_ibex_core/id_stage_i/decoder_i/illegal_insn;u_ibex_core/id_stage_i/decoder_i/n6
u_ibex_core/id_stage_i/decoder_i/n3;u_ibex_core/id_stage_i/decoder_i/n27
u_ibex_core/id_stage_i/decoder_i/n4;u_ibex_core/id_stage_i/decoder_i/n29
u_ibex_core/id_stage_i/decoder_i/n5;u_ibex_core/id_stage_i/decoder_i/illegal_insn
u_ibex_core/id_stage_i/decoder_i/n7;u_ibex_core/id_stage_i/decoder_i/n22
u_ibex_core/id_stage_i/decoder_i/n8;u_ibex_core/id_stage_i/decoder_i/n9
u_ibex_core/id_stage_i/decoder_i/n10;u_ibex_core/id_stage_i/decoder_i/n11
u_ibex_core/id_stage_i/decoder_i/n12;u_ibex_core/id_stage_i/decoder_i/n50
u_ibex_core/id_stage_i/decoder_i/n13;u_ibex_core/id_stage_i/decoder_i/n32
u_ibex_core/id_stage_i/decoder_i/n14;u_ibex_core/id_stage_i/decoder_i/n17
u_ibex_core/id_stage_i/decoder_i/n16;u_ibex_core/id_stage_i/decoder_i/n26
u_ibex_core/id_stage_i/decoder_i/n17;u_ibex_core/id_stage_i/decoder_i/n25
u_ibex_core/id_stage_i/decoder_i/n19;u_ibex_core/id_stage_i/decoder_i/n32
u_ibex_core/id_stage_i/decoder_i/n20;u_ibex_core/id_stage_i/decoder_i/n40
u_ibex_core/id_stage_i/decoder_i/n21;u_ibex_core/id_stage_i/decoder_i/n26
u_ibex_core/id_stage_i/decoder_i/n22;u_ibex_core/id_stage_i/decoder_i/n25
u_ibex_core/id_stage_i/decoder_i/n23;u_ibex_core/id_stage_i/decoder_i/n16
u_ibex_core/id_stage_i/decoder_i/n24;u_ibex_core/id_stage_i/decoder_i/n46
u_ibex_core/id_stage_i/decoder_i/n25;u_ibex_core/id_stage_i/decoder_i/n49
u_ibex_core/id_stage_i/decoder_i/n28;u_ibex_core/id_stage_i/decoder_i/n27
u_ibex_core/id_stage_i/decoder_i/n30;u_ibex_core/id_stage_i/decoder_i/n7
u_ibex_core/id_stage_i/decoder_i/n31;u_ibex_core/id_stage_i/decoder_i/n36
u_ibex_core/id_stage_i/decoder_i/n33;u_ibex_core/id_stage_i/decoder_i/n39
u_ibex_core/id_stage_i/decoder_i/n36;u_ibex_core/id_stage_i/decoder_i/n45
u_ibex_core/id_stage_i/decoder_i/n37;u_ibex_core/id_stage_i/decoder_i/n23
u_ibex_core/id_stage_i/decoder_i/n41;u_ibex_core/id_stage_i/decoder_i/n42
u_ibex_core/id_stage_i/decoder_i/n43;u_ibex_core/id_stage_i/decoder_i/n51
u_ibex_core/id_stage_i/decoder_i/n44;u_ibex_core/id_stage_i/decoder_i/n51
u_ibex_core/id_stage_i/decoder_i/n47;u_ibex_core/id_stage_i/decoder_i/n21
